<html>
<body>
<pre>
<h1>礦ision Build Log</h1>
<h2>Tool Versions:</h2>
IDE-Version: μVision V5.15
Copyright (C) 2015 ARM Ltd and ARM Germany GmbH. All rights reserved.
License Information: arley arley, xiammenligong, LIC=----
 
Tool Versions:
Toolchain:       MDK-Lite  Version: 5.15.0
Toolchain Path:  D:\keil\ARM\ARMCC\Bin
C Compiler:      Armcc.exe V5.05 update 2 (build 169)
Assembler:       Armasm.exe V5.05 update 2 (build 169)
Linker/Locator:  ArmLink.exe V5.05 update 2 (build 169)
Library Manager: ArmAr.exe V5.05 update 2 (build 169)
Hex Converter:   FromElf.exe V5.05 update 2 (build 169)
CPU DLL:         SARMCM3.DLL V5.15.0
Dialog DLL:      DCM.DLL V1.13.2.0
Target DLL:      UL2CM3.DLL V1.155.8.0
Dialog DLL:      TCM.DLL V1.14.5.0
 
<h2>Project:</h2>
D:\keil_project\6-任务时间片运行\Project\YH-uCOS-III.uvprojx
Project File Date:  09/30/2021

<h2>Output:</h2>
*** Using Compiler 'V5.05 update 2 (build 169)', folder: 'D:\keil\ARM\ARMCC\Bin'
Build target 'Target 1'
compiling app.c...
..\User\app.c(37): warning:  #177-D: variable "Task3Stk" was declared but never referenced
  static   CPU_STK   Task3Stk[TASK3_STK_SIZE];
..\User\app.c(42): warning:  #177-D: variable "Task3TCB" was declared but never referenced
  static   OS_TCB    Task3TCB;
..\User\app.c: 2 warnings, 0 errors
linking...
Program Size: Code=1148 RO-data=224 RW-data=48 ZI-data=4688  
".\Objects\YH-uCOS-III.axf" - 0 Error(s), 2 Warning(s).

<h2>Software Packages used:</h2>

Package Vendor: ARM
                http://www.keil.com/pack/ARM.CMSIS.4.3.0.pack
                ARM::CMSIS:CORE:4.1.0
                CMSIS (Cortex Microcontroller Software Interface Standard)
   * Component: CORE Version: 4.1.0
   * Component: Startup Version: 1.0.1

<h2>Collection of Component include folders:</h2>
  D:\keil_project\6-任务时间片运行\Project\RTE
  D:\keil\ARM\PACK\ARM\CMSIS\4.3.0\CMSIS\Include
  D:\keil\ARM\PACK\ARM\CMSIS\4.3.0\Device\ARM\ARMCM3\Include

<h2>Collection of Component Files used:</h2>

   * Component: ARM::CMSIS:CORE:4.1.0

   * Component: ARM::Device:Startup:1.0.1
      Include file:  Device\ARM\ARMCM3\Include\ARMCM3.h
      Source file:   Device\ARM\ARMCM3\Source\ARM\startup_ARMCM3.s
      Source file:   Device\ARM\ARMCM3\Source\system_ARMCM3.c
</pre>
</body>
</html>
