<html>
<body>
<pre>
<h1>礦ision Build Log</h1>
<h2>Tool Versions:</h2>
IDE-Version: μVision V5.15
Copyright (C) 2015 ARM Ltd and ARM Germany GmbH. All rights reserved.
License Information: arley arley, xiammenligong, LIC=----
 
Tool Versions:
Toolchain:       MDK-Lite  Version: 5.15.0
Toolchain Path:  D:\keil\ARM\ARMCC\Bin
C Compiler:      Armcc.exe V5.05 update 2 (build 169)
Assembler:       Armasm.exe V5.05 update 2 (build 169)
Linker/Locator:  ArmLink.exe V5.05 update 2 (build 169)
Library Manager: ArmAr.exe V5.05 update 2 (build 169)
Hex Converter:   FromElf.exe V5.05 update 2 (build 169)
CPU DLL:         SARMCM3.DLL V5.15.0
Dialog DLL:      DCM.DLL V1.13.2.0
Target DLL:      CMSIS_AGDI.dll V1.21.12.0
Dialog DLL:      TCM.DLL V1.14.5.0
 
<h2>Project:</h2>
D:\大三上学习文件\嵌入式操作系统\11-信号量\m_sem - 副本 - 副本\Project\RVMDK（uv5）\Fire_uCOS.uvprojx
Project File Date:  12/12/2021

<h2>Output:</h2>
*** Using Compiler 'V5.05 update 2 (build 169)', folder: 'D:\keil\ARM\ARMCC\Bin'
Rebuild target 'Fire_uCOS'
assembling startup_stm32f10x_hd.s...
compiling core_cm3.c...
compiling system_stm32f10x.c...
compiling misc.c...
compiling stm32f10x_adc.c...
compiling stm32f10x_bkp.c...
compiling stm32f10x_can.c...
compiling stm32f10x_cec.c...
compiling stm32f10x_crc.c...
compiling stm32f10x_dac.c...
compiling stm32f10x_dbgmcu.c...
compiling stm32f10x_dma.c...
compiling stm32f10x_exti.c...
compiling stm32f10x_flash.c...
compiling stm32f10x_fsmc.c...
compiling stm32f10x_gpio.c...
compiling stm32f10x_i2c.c...
compiling stm32f10x_iwdg.c...
compiling stm32f10x_pwr.c...
compiling stm32f10x_rcc.c...
compiling stm32f10x_rtc.c...
compiling stm32f10x_sdio.c...
compiling stm32f10x_spi.c...
compiling stm32f10x_tim.c...
compiling stm32f10x_usart.c...
compiling stm32f10x_wwdg.c...
compiling stm32f10x_it.c...
compiling app.c...
..\..\User\APP\app.c(264): warning:  #550-D: variable "cpu_clk_freq" was set but never used
          CPU_INT32U     cpu_clk_freq;
..\..\User\APP\app.c(265): warning:  #177-D: variable "ts_sem_get" was declared but never referenced
          CPU_TS         ts_sem_post, ts_sem_get;
..\..\User\APP\app.c(266): warning:  #177-D: variable "cpu_sr" was declared but never referenced
                CPU_SR_ALLOC();  //使?玫??俳缍危??诠?/开?卸?时）时???韪煤辏??煤????骱投???一?鼍植勘?
..\..\User\APP\app.c(290): warning:  #550-D: variable "cpu_clk_freq" was set but never used
          CPU_INT32U     cpu_clk_freq;
..\..\User\APP\app.c(291): warning:  #177-D: variable "ts_sem_get" was declared but never referenced
          CPU_TS         ts_sem_post, ts_sem_get;
..\..\User\APP\app.c(292): warning:  #177-D: variable "cpu_sr" was declared but never referenced
                CPU_SR_ALLOC();  //使?玫??俳缍危??诠?/开?卸?时）时???韪煤辏??煤????骱投???一?鼍植勘?
..\..\User\APP\app.c: 6 warnings, 0 errors
compiling os_app_hooks.c...
compiling bsp.c...
compiling bsp_key.c...
compiling bsp_led.c...
compiling bsp_usart1.c...
compiling cpu_core.c...
assembling cpu_a.asm...
compiling cpu_c.c...
compiling lib_ascii.c...
compiling lib_math.c...
compiling lib_mem.c...
compiling lib_str.c...
assembling lib_mem_a.asm...
compiling os_cfg_app.c...
compiling os_core.c...
compiling os_dbg.c...
compiling os_flag.c...
compiling os_int.c...
compiling os_mem.c...
compiling os_msg.c...
compiling os_mutex.c...
compiling os_pend_multi.c...
compiling os_prio.c...
compiling os_q.c...
compiling os_sem.c...
compiling os_stat.c...
compiling os_task.c...
compiling os_tick.c...
compiling os_time.c...
compiling os_tmr.c...
compiling os_var.c...
assembling os_cpu_a.s...
compiling os_cpu_c.c...
linking...
Program Size: Code=20248 RO-data=500 RW-data=232 ZI-data=42800  
FromELF: creating hex file...
".\Objects\ISO-STM32.axf" - 0 Error(s), 6 Warning(s).

<h2>Collection of Component include folders:</h2>
  D:\大三上学习文件\嵌入式操作系统\11-信号量\m_sem - 副本 - 副本\Project\RVMDK（uv5）\RTE
  D:\keil\ARM\PACK\Keil\STM32F1xx_DFP\2.1.0\Device\Include

<h2>Collection of Component Files used:</h2>
</pre>
</body>
</html>
